2026-08-04 16:44:09,340 [INFO] IBCN_Automation: Running in simulation mode; no terminal required
2026-08-04 16:44:09,340 [INFO] IBCN_Automation: Simulated command: boot
2026-08-04 16:44:09,442 [INFO] IBCN_Automation: Simulated command: test ibcn_production set_serial
2026-08-04 16:44:09,442 [INFO] IBCN_Automation: Simulated command: test ibcn_production fpga_io 2
2026-08-04 16:44:09,442 [INFO] IBCN_Automation: Simulated command: test ibcn_production fpga_io 2
2026-08-04 16:44:09,443 [INFO] IBCN_Automation: Simulated command: set_hw_rev
2026-08-04 16:44:09,443 [INFO] IBCN_Automation: Simulated command: fpga_io 14
2026-08-04 16:44:09,443 [INFO] IBCN_Automation: Simulated command: fpga_io 14
2026-08-04 16:44:09,443 [INFO] IBCN_Automation: Simulated command: test ibcn_production set_mac
2026-08-04 16:44:09,444 [INFO] IBCN_Automation: Simulated command: test ibcn_production fpga_io 1
2026-08-04 16:44:09,444 [INFO] IBCN_Automation: Simulated command: test ibcn_production fpga_io 1
2026-08-04 16:44:09,444 [INFO] IBCN_Automation: Simulated command: fpga_io 9
2026-08-04 16:44:09,444 [INFO] IBCN_Automation: Simulated command: fpga_io 10
2026-08-04 16:44:09,445 [INFO] IBCN_Automation: Simulated command: fpga_io 11
2026-08-04 16:44:09,445 [INFO] IBCN_Automation: Simulated command: fpga_io 12
2026-08-04 16:44:09,445 [INFO] IBCN_Automation: Simulated command: clksync
2026-08-04 16:44:09,445 [INFO] IBCN_Automation: Simulated command: io_loop
2026-08-04 16:44:09,445 [INFO] IBCN_Automation: Simulated command: test ibcn_production voltage 0
2026-08-04 16:44:09,447 [INFO] IBCN_Automation: Simulated command: test ibcn_production voltage 0
2026-08-04 16:44:09,448 [INFO] IBCN_Automation: Simulated command: test ibcn_production temperature 0
2026-08-04 16:44:09,448 [INFO] IBCN_Automation: Simulated command: ping 172.16.172.66
2026-08-04 16:44:09,448 [INFO] IBCN_Automation: Simulated command: ping 192.168.0.100
2026-08-04 16:44:09,449 [INFO] IBCN_Automation: Simulated LED verification
2026-08-04 16:44:09,449 [INFO] IBCN_Automation: Simulated command: fpga_io 7
2026-08-04 16:44:09,449 [INFO] IBCN_Automation: Simulated DIP switch verification
2026-08-04 16:44:09,452 [INFO] IBCN_Automation: Closed terminal
2026-08-04 17:11:53,421 [INFO] IBCN_Automation: Running in simulation mode; no terminal required
2026-08-04 17:11:53,422 [INFO] IBCN_Automation: Simulated command: boot
2026-08-04 17:11:53,523 [INFO] IBCN_Automation: Simulated command: test ibcn_production set_serial
2026-08-04 17:11:53,523 [INFO] IBCN_Automation: Simulated command: test ibcn_production fpga_io 2
2026-08-04 17:11:53,523 [INFO] IBCN_Automation: Simulated command: test ibcn_production fpga_io 2
2026-08-04 17:11:53,523 [INFO] IBCN_Automation: Simulated command: set_hw_rev
2026-08-04 17:11:53,524 [INFO] IBCN_Automation: Simulated command: fpga_io 14
2026-08-04 17:11:53,524 [INFO] IBCN_Automation: Simulated command: fpga_io 14
2026-08-04 17:11:53,524 [INFO] IBCN_Automation: Simulated command: test ibcn_production set_mac
2026-08-04 17:11:53,524 [INFO] IBCN_Automation: Simulated command: test ibcn_production fpga_io 1
2026-08-04 17:11:53,524 [INFO] IBCN_Automation: Simulated command: test ibcn_production fpga_io 1
2026-08-04 17:11:53,525 [INFO] IBCN_Automation: Simulated command: fpga_io 9
2026-08-04 17:11:53,525 [INFO] IBCN_Automation: Simulated command: fpga_io 10
2026-08-04 17:11:53,525 [INFO] IBCN_Automation: Simulated command: fpga_io 11
2026-08-04 17:11:53,525 [INFO] IBCN_Automation: Simulated command: fpga_io 12
2026-08-04 17:11:53,525 [INFO] IBCN_Automation: Simulated command: clksync
2026-08-04 17:11:53,525 [INFO] IBCN_Automation: Simulated command: io_loop
2026-08-04 17:11:53,525 [INFO] IBCN_Automation: Simulated command: test ibcn_production voltage 0
2026-08-04 17:11:53,526 [INFO] IBCN_Automation: Simulated command: test ibcn_production voltage 0
2026-08-04 17:11:53,526 [INFO] IBCN_Automation: Simulated command: test ibcn_production temperature 0
2026-08-04 17:11:53,526 [INFO] IBCN_Automation: Simulated command: ping 172.16.172.66
2026-08-04 17:11:53,526 [INFO] IBCN_Automation: Simulated command: ping 192.168.0.100
2026-08-04 17:11:53,526 [INFO] IBCN_Automation: Simulated LED verification
2026-08-04 17:11:53,526 [INFO] IBCN_Automation: Simulated command: fpga_io 7
2026-08-04 17:11:53,527 [INFO] IBCN_Automation: Simulated DIP switch verification
2026-08-04 17:11:53,528 [INFO] IBCN_Automation: Closed terminal
